
> shopify-pms@0.1.0 build
> next build

  鈻?Next.js 14.2.15
  - Environments: .env.local

   Creating an optimized production build ...
 鉁?Compiled successfully
   Linting and checking validity of types ...

./app/api/auth/status/route.ts
75:21  Warning: Unexpected any. Specify a different type.  @typescript-eslint/no-explicit-any

./app/api/excel/import/route.ts
37:44  Warning: Unexpected any. Specify a different type.  @typescript-eslint/no-explicit-any
47:24  Warning: Unexpected any. Specify a different type.  @typescript-eslint/no-explicit-any
55:19  Warning: 'getVal' is assigned a value but never used.  @typescript-eslint/no-unused-vars
158:21  Warning: Unexpected any. Specify a different type.  @typescript-eslint/no-explicit-any

./app/api/excel/template/route.ts
26:27  Warning: 'request' is defined but never used.  @typescript-eslint/no-unused-vars
102:21  Warning: Unexpected any. Specify a different type.  @typescript-eslint/no-explicit-any

./app/api/listings/push/route.ts
71:98  Warning: Unexpected any. Specify a different type.  @typescript-eslint/no-explicit-any
85:45  Warning: Unexpected any. Specify a different type.  @typescript-eslint/no-explicit-any
128:32  Warning: Unexpected any. Specify a different type.  @typescript-eslint/no-explicit-any
143:74  Warning: Unexpected any. Specify a different type.  @typescript-eslint/no-explicit-any
145:44  Warning: Unexpected any. Specify a different type.  @typescript-eslint/no-explicit-any
151:67  Warning: Unexpected any. Specify a different type.  @typescript-eslint/no-explicit-any
156:37  Warning: Unexpected any. Specify a different type.  @typescript-eslint/no-explicit-any
243:73  Warning: Unexpected any. Specify a different type.  @typescript-eslint/no-explicit-any
249:87  Warning: Unexpected any. Specify a different type.  @typescript-eslint/no-explicit-any
314:21  Warning: Unexpected any. Specify a different type.  @typescript-eslint/no-explicit-any

./app/api/listings/route.ts
52:21  Warning: Unexpected any. Specify a different type.  @typescript-eslint/no-explicit-any
108:21  Warning: Unexpected any. Specify a different type.  @typescript-eslint/no-explicit-any
175:21  Warning: Unexpected any. Specify a different type.  @typescript-eslint/no-explicit-any
218:21  Warning: Unexpected any. Specify a different type.  @typescript-eslint/no-explicit-any

./app/api/orders-sync/route.ts
3:30  Warning: 'ShopifyOrder' is defined but never used.  @typescript-eslint/no-unused-vars
24:28  Warning: 'request' is defined but never used.  @typescript-eslint/no-unused-vars
93:34  Warning: Unexpected any. Specify a different type.  @typescript-eslint/no-explicit-any
152:21  Warning: Unexpected any. Specify a different type.  @typescript-eslint/no-explicit-any

./app/api/products/delete/route.ts
2:10  Warning: 'createServerClientUntyped' is defined but never used.  @typescript-eslint/no-unused-vars
74:21  Warning: Unexpected any. Specify a different type.  @typescript-eslint/no-explicit-any

./app/api/products/route.ts
67:42  Warning: Unexpected any. Specify a different type.  @typescript-eslint/no-explicit-any
115:21  Warning: Unexpected any. Specify a different type.  @typescript-eslint/no-explicit-any

./app/api/sync/route.ts
14:25  Warning: Unexpected any. Specify a different type.  @typescript-eslint/no-explicit-any
55:28  Warning: 'request' is defined but never used.  @typescript-eslint/no-unused-vars
258:21  Warning: Unexpected any. Specify a different type.  @typescript-eslint/no-explicit-any
274:27  Warning: 'request' is defined but never used.  @typescript-eslint/no-unused-vars
283:21  Warning: Unexpected any. Specify a different type.  @typescript-eslint/no-explicit-any

./app/api/weight-sync/route.ts
101:29  Warning: Unexpected any. Specify a different type.  @typescript-eslint/no-explicit-any
142:21  Warning: Unexpected any. Specify a different type.  @typescript-eslint/no-explicit-any
210:68  Warning: Unexpected any. Specify a different type.  @typescript-eslint/no-explicit-any
274:21  Warning: Unexpected any. Specify a different type.  @typescript-eslint/no-explicit-any

./app/app/page.tsx
50:22  Warning: 'e' is defined but never used.  @typescript-eslint/no-unused-vars

./app/inventory/page.tsx
11:17  Warning: 'Toaster' is defined but never used.  @typescript-eslint/no-unused-vars
84:60  Warning: Unexpected any. Specify a different type.  @typescript-eslint/no-explicit-any
85:64  Warning: Unexpected any. Specify a different type.  @typescript-eslint/no-explicit-any
180:33  Warning: Unexpected any. Specify a different type.  @typescript-eslint/no-explicit-any
275:75  Warning: Unexpected any. Specify a different type.  @typescript-eslint/no-explicit-any

./app/listings/page.tsx
17:36  Warning: Unexpected any. Specify a different type.  @typescript-eslint/no-explicit-any
30:51  Warning: Unexpected any. Specify a different type.  @typescript-eslint/no-explicit-any
77:26  Warning: Unexpected any. Specify a different type.  @typescript-eslint/no-explicit-any
85:62  Warning: Unexpected any. Specify a different type.  @typescript-eslint/no-explicit-any
119:18  Warning: 'e' is defined but never used.  @typescript-eslint/no-unused-vars
124:55  Warning: Unexpected any. Specify a different type.  @typescript-eslint/no-explicit-any
140:43  Warning: Unexpected any. Specify a different type.  @typescript-eslint/no-explicit-any
143:72  Warning: Unexpected any. Specify a different type.  @typescript-eslint/no-explicit-any

./components/inventory/column-visibility.tsx
18:28  Warning: Unexpected any. Specify a different type.  @typescript-eslint/no-explicit-any

./components/inventory/data-table.tsx
28:36  Warning: 'RefreshCw' is defined but never used.  @typescript-eslint/no-unused-vars
34:10  Warning: 'Popover' is defined but never used.  @typescript-eslint/no-unused-vars
34:19  Warning: 'PopoverContent' is defined but never used.  @typescript-eslint/no-unused-vars
34:35  Warning: 'PopoverTrigger' is defined but never used.  @typescript-eslint/no-unused-vars
34:51  Warning: 'PopoverClose' is defined but never used.  @typescript-eslint/no-unused-vars
35:10  Warning: 'DiffCell' is defined but never used.  @typescript-eslint/no-unused-vars
49:5  Warning: 'DialogTrigger' is defined but never used.  @typescript-eslint/no-unused-vars
77:12  Warning: Unexpected any. Specify a different type.  @typescript-eslint/no-explicit-any
83:25  Warning: Unexpected any. Specify a different type.  @typescript-eslint/no-explicit-any
124:16  Warning: Unexpected any. Specify a different type.  @typescript-eslint/no-explicit-any
278:80  Warning: Unexpected any. Specify a different type.  @typescript-eslint/no-explicit-any
284:51  Warning: Unexpected any. Specify a different type.  @typescript-eslint/no-explicit-any
318:79  Warning: Unexpected any. Specify a different type.  @typescript-eslint/no-explicit-any
346:8  Warning: React Hook useCallback has a missing dependency: 'applySPUUpdate'. Either include it or remove the dependency array.  react-hooks/exhaustive-deps
349:78  Warning: Unexpected any. Specify a different type.  @typescript-eslint/no-explicit-any
350:15  Warning: 'now' is assigned a value but never used.  @typescript-eslint/no-unused-vars
364:47  Warning: Unexpected any. Specify a different type.  @typescript-eslint/no-explicit-any
418:73  Warning: Unexpected any. Specify a different type.  @typescript-eslint/no-explicit-any
570:25  Warning: Unexpected any. Specify a different type.  @typescript-eslint/no-explicit-any
1013:45  Warning: Unexpected any. Specify a different type.  @typescript-eslint/no-explicit-any
1088:55  Warning: React Hook "React.useState" is called in function "cell" that is neither a React function component nor a custom React Hook function. React component names must start with an uppercase letter. React Hook names must start with the word "use".  react-hooks/rules-of-hooks
1089:49  Warning: React Hook "React.useState" is called in function "cell" that is neither a React function component nor a custom React Hook function. React component names must start with an uppercase letter. React Hook names must start with the word "use".  react-hooks/rules-of-hooks
1999:67  Warning: Unexpected any. Specify a different type.  @typescript-eslint/no-explicit-any
2022:8  Warning: React Hook useMemo has a missing dependency: 'handleSPUUpdate'. Either include it or remove the dependency array.  react-hooks/exhaustive-deps
2056:8  Warning: React Hook useEffect has a missing dependency: 'FIXED_COLUMNS'. Either include it or remove the dependency array.  react-hooks/exhaustive-deps

./components/inventory/editable-cell.tsx
7:12  Warning: Unexpected any. Specify a different type.  @typescript-eslint/no-explicit-any
10:23  Warning: Unexpected any. Specify a different type.  @typescript-eslint/no-explicit-any

./components/inventory/import-dialog.tsx
5:28  Warning: 'FileSpreadsheet' is defined but never used.  @typescript-eslint/no-unused-vars
65:25  Warning: Unexpected any. Specify a different type.  @typescript-eslint/no-explicit-any

./components/inventory/sync-indicator.tsx
13:33  Warning: 'field' is defined but never used.  @typescript-eslint/no-unused-vars

./components/listings/data-table.tsx
3:49  Warning: 'useEffect' is defined but never used.  @typescript-eslint/no-unused-vars
46:30  Warning: Unexpected any. Specify a different type.  @typescript-eslint/no-explicit-any
54:12  Warning: Unexpected any. Specify a different type.  @typescript-eslint/no-explicit-any
60:44  Warning: Unexpected any. Specify a different type.  @typescript-eslint/no-explicit-any
73:12  Warning: Unexpected any. Specify a different type.  @typescript-eslint/no-explicit-any
75:23  Warning: Unexpected any. Specify a different type.  @typescript-eslint/no-explicit-any
148:12  Warning: 'isSyncing' is assigned a value but never used.  @typescript-eslint/no-unused-vars
165:60  Warning: Unexpected any. Specify a different type.  @typescript-eslint/no-explicit-any
179:46  Warning: Unexpected any. Specify a different type.  @typescript-eslint/no-explicit-any
216:77  Warning: Unexpected any. Specify a different type.  @typescript-eslint/no-explicit-any
239:56  Warning: Unexpected any. Specify a different type.  @typescript-eslint/no-explicit-any
239:86  Warning: Unexpected any. Specify a different type.  @typescript-eslint/no-explicit-any
261:93  Warning: Unexpected any. Specify a different type.  @typescript-eslint/no-explicit-any
300:60  Warning: Unexpected any. Specify a different type.  @typescript-eslint/no-explicit-any
300:80  Warning: Unexpected any. Specify a different type.  @typescript-eslint/no-explicit-any
335:25  Warning: Unexpected any. Specify a different type.  @typescript-eslint/no-explicit-any
550:8  Warning: React Hook useMemo has a missing dependency: 'onDeleteVariant'. Either include it or remove the dependency array. If 'onDeleteVariant' changes too often, find the parent component that defines it and wrap that definition in useCallback.  react-hooks/exhaustive-deps

./components/listings/variant-dialog.tsx
4:19  Warning: 'List' is defined but never used.  @typescript-eslint/no-unused-vars
14:5  Warning: 'DialogTrigger' is defined but never used.  @typescript-eslint/no-unused-vars
31:43  Warning: Unexpected any. Specify a different type.  @typescript-eslint/no-explicit-any
32:24  Warning: Unexpected any. Specify a different type.  @typescript-eslint/no-explicit-any
101:34  Warning: Unexpected any. Specify a different type.  @typescript-eslint/no-explicit-any
101:77  Warning: Unexpected any. Specify a different type.  @typescript-eslint/no-explicit-any
101:95  Warning: Unexpected any. Specify a different type.  @typescript-eslint/no-explicit-any
120:28  Warning: Unexpected any. Specify a different type.  @typescript-eslint/no-explicit-any

./components/ui/dialog.tsx
15:6  Warning: 'className' is defined but never used.  @typescript-eslint/no-unused-vars
27:6  Warning: 'className' is defined but never used.  @typescript-eslint/no-unused-vars
46:5  Warning: 'className' is defined but never used.  @typescript-eslint/no-unused-vars
57:5  Warning: 'className' is defined but never used.  @typescript-eslint/no-unused-vars
70:6  Warning: 'className' is defined but never used.  @typescript-eslint/no-unused-vars
82:6  Warning: 'className' is defined but never used.  @typescript-eslint/no-unused-vars

./components/ui/input.tsx
5:18  Warning: An interface declaring no members is equivalent to its supertype.  @typescript-eslint/no-empty-object-type

./lib/supabase/types.ts
30:20  Warning: Unexpected any. Specify a different type.  @typescript-eslint/no-explicit-any
43:15  Warning: Unexpected any. Specify a different type.  @typescript-eslint/no-explicit-any
44:16  Warning: Unexpected any. Specify a different type.  @typescript-eslint/no-explicit-any
52:20  Warning: Unexpected any. Specify a different type.  @typescript-eslint/no-explicit-any
64:17  Warning: Unexpected any. Specify a different type.  @typescript-eslint/no-explicit-any

info  - Need to disable some ESLint rules? Learn more here: https://nextjs.org/docs/basic-features/eslint#disabling-rules
node.exe : Failed to compile.
所在位置 行:1 字符: 1
+ & "C:\Program Files\nodejs/nod
e.exe" "C:\Program Files\nodejs/
node_mo ...
+ ~~~~~~~~~~~~~~~~~~~~~~~~~~~~~~
~~~~~~~~~~~~~~~~~~~~~~~~~~~~~~~~
~~~~~~~
    + CategoryInfo          : N 
   otSpecified: (Failed to com  
  pile.:String) [], RemoteExc   
 eption
    + FullyQualifiedErrorId : N 
   ativeCommandError
 

./components/listings/data-table
.tsx:313:32
Type error: Spread types may onl
y be created from object types.

[0m [90m 311 |[39m[0m
[0m [90m 312 |[39m         [
36mawait[39m onUpdateProduct(ac
tiveListingId[33m,[39m updated
DraftData)[0m
[0m[31m[1m>[22m[39m[90m 31
3 |[39m         setExpanded(pre
v [33m=>[39m ({ [33m...[39mp
rev[33m,[39m [activeListingId]
[33m:[39m [36mtrue[39m }))[
0m
[0m [90m     |[39m           
                     [31m[1m^
[22m[39m[0m
[0m [90m 314 |[39m         to
ast[33m.[39msuccess([32m`Gene
rated ${newVariants.length} vari
ants!`[39m)[0m
[0m [90m 315 |[39m     }[33m
,[39m [activeListingId[33m,[3
9m listings[33m,[39m onUpdateP
roduct])[0m
[0m [90m 316 |[39m[0m
